[2026-09-26T04:14:14Z] Phase 0B.1 Inventory starting
[2026-09-26T04:14:14Z] Source root: /Users/fredrick/Documents/Vayva-Tech/vayva-polyrepo/123Design/Images & Videos
[2026-09-26T04:14:14Z] Output docs: /Users/fredrick/Documents/Vayva-Tech/vayva-polyrepo/123Design/docs/phase-0b
[2026-09-26T04:14:14Z] Output analysis: /Users/fredrick/Documents/Vayva-Tech/vayva-polyrepo/123Design/analysis/asset-inventory
[2026-09-26T04:14:14Z] Total files found: 993
[2026-09-26T04:14:14Z] Phase 1: File metadata extraction and hashing...
[2026-09-26T04:14:18Z]   Processed 100/993 files...
[2026-09-26T04:14:23Z]   Processed 200/993 files...
[2026-09-26T04:14:28Z]   Processed 300/993 files...
[2026-09-26T04:14:32Z]   Processed 400/993 files...
[2026-09-26T04:14:37Z]   Processed 500/993 files...
[2026-09-26T04:14:42Z]   Processed 600/993 files...
[2026-09-26T04:14:46Z]   Processed 700/993 files...
[2026-09-26T04:14:51Z]   Processed 800/993 files...
[2026-09-26T04:14:55Z]   Processed 900/993 files...
[2026-09-26T04:14:58Z] Phase 1 complete. 993 records, 0 errors.
[2026-09-26T04:14:58Z] Phase 2: Assigning duplicate groups...
[2026-09-26T04:14:58Z]   Found 358 duplicate groups
[2026-09-26T04:14:58Z] Phase 3: Building derivative candidate register...
[2026-09-26T04:14:58Z]   Found 1 derivative candidates
[2026-09-26T04:14:58Z] Phase 4: Writing output files...
[2026-09-26T04:14:58Z]   Written: /Users/fredrick/Documents/Vayva-Tech/vayva-polyrepo/123Design/docs/phase-0b/02A_LOCAL_ASSET_MASTER.csv
[2026-09-26T04:14:58Z]   Written: /Users/fredrick/Documents/Vayva-Tech/vayva-polyrepo/123Design/docs/phase-0b/02A_LOCAL_ASSET_MASTER.json
[2026-09-26T04:14:58Z]   Written: /Users/fredrick/Documents/Vayva-Tech/vayva-polyrepo/123Design/docs/phase-0b/02B_EXACT_DUPLICATE_REGISTER.csv
[2026-09-26T04:14:58Z]   Written: /Users/fredrick/Documents/Vayva-Tech/vayva-polyrepo/123Design/docs/phase-0b/02C_DERIVATIVE_CANDIDATES.csv
[2026-09-26T04:14:58Z]   Written: /Users/fredrick/Documents/Vayva-Tech/vayva-polyrepo/123Design/docs/phase-0b/02D_VIDEO_MASTER_REGISTER.csv
[2026-09-26T04:14:58Z]   Written: /Users/fredrick/Documents/Vayva-Tech/vayva-polyrepo/123Design/docs/phase-0b/02E_LARGE_FILE_REGISTER.csv
[2026-09-26T04:14:58Z]   Written: /Users/fredrick/Documents/Vayva-Tech/vayva-polyrepo/123Design/docs/phase-0b/02J_FORMAT_DISTRIBUTION.csv
[2026-09-26T04:14:58Z]   Written: /Users/fredrick/Documents/Vayva-Tech/vayva-polyrepo/123Design/docs/phase-0b/02K_ASSET_ERROR_REGISTER.csv
[2026-09-26T04:14:58Z]   Written: /Users/fredrick/Documents/Vayva-Tech/vayva-polyrepo/123Design/docs/phase-0b/02G_PROJECT_CANDIDATE_FOLDERS.csv
[2026-09-26T04:14:58Z] Phase 5: Generating taxonomy report...
[2026-09-26T04:14:58Z]   Written: /Users/fredrick/Documents/Vayva-Tech/vayva-polyrepo/123Design/docs/phase-0b/02F_SOURCE_FOLDER_TAXONOMY.md
[2026-09-26T04:14:58Z] Phase 6: Generating storage analysis...
[2026-09-26T04:14:58Z]   Written: /Users/fredrick/Documents/Vayva-Tech/vayva-polyrepo/123Design/docs/phase-0b/02I_STORAGE_ANALYSIS.md
[2026-09-26T04:14:58Z] Phase 7: Generating main audit report...
[2026-09-26T04:14:58Z]   Written: /Users/fredrick/Documents/Vayva-Tech/vayva-polyrepo/123Design/docs/phase-0b/02_PHASE_0B1_LOCAL_ASSET_AUDIT.md
[2026-09-26T04:14:58Z] Phase 8: Generating handoff document...
[2026-09-26T04:14:58Z]   Written: /Users/fredrick/Documents/Vayva-Tech/vayva-polyrepo/123Design/docs/phase-0b/02L_PHASE_0B1_HANDOFF.md
[2026-09-26T04:14:58Z] Writing run log...
[2026-09-26T04:14:58Z] Inventory run complete.
